// Jest Snapshot v1, https://goo.gl/fbAQLP

exports[`Message Component Test Should Take A Snapshot 1`] = `
<DocumentFragment>
  <div
    class="message"
  >
    <textarea
      class="textAreaModal"
      data-testid="text-area"
      maxlength="2000"
      placeholder="Write Your Feedback"
    />
    <button
      aria-label="onSend"
      class="sendBtn"
    >
      GÃ¶nder
    </button>
  </div>
</DocumentFragment>
`;
