// Jest Snapshot v1, https://goo.gl/fbAQLP

exports[`Modal Component Test With React Testing Library Should Take A Snapshot 1`] = `
<DocumentFragment>
  <div
    data-testid="modal"
  />
</DocumentFragment>
`;
